
> e-commerce@0.1.0 build
> react-scripts build

Creating an optimized production build...
Compiled with warnings.

[eslint] 
src\pages\Cart.jsx
  Line 21:3:   'ShieldCheckIcon' is defined but never used            no-unused-vars
  Line 23:3:   'TimerIcon' is defined but never used                  no-unused-vars
  Line 24:3:   'ArrowPathIcon' is defined but never used              no-unused-vars
  Line 46:10:  'appliedCoupon' is assigned a value but never used     no-unused-vars
  Line 46:25:  'setAppliedCoupon' is assigned a value but never used  no-unused-vars

src\pages\admin\ModernDashboard.jsx
  Line 14:10:  'SkeletonCard' is defined but never used              no-unused-vars
  Line 18:3:   'TruckIcon' is defined but never used                 no-unused-vars
  Line 27:3:   'ArrowTrendingDownIcon' is defined but never used     no-unused-vars
  Line 50:10:  'topProducts' is assigned a value but never used      no-unused-vars
  Line 85:13:  'pendingPayments' is assigned a value but never used  no-unused-vars

src\pages\admin\ModernOrdersManagement.jsx
  Line 15:3:   'CurrencyDollarIcon' is defined but never used     no-unused-vars
  Line 23:3:   'CalendarIcon' is defined but never used           no-unused-vars
  Line 171:9:  'totalRevenue' is assigned a value but never used  no-unused-vars

src\pages\admin\ModernUsersManagement.jsx
  Line 17:3:   'EnvelopeIcon' is defined but never used       no-unused-vars
  Line 34:10:  'modalTab' is assigned a value but never used  no-unused-vars

Search for the keywords to learn more about each warning.
To ignore, add // eslint-disable-next-line to the line before.

File sizes after gzip:

  237.19 kB  build\static\js\main.99cec3a8.js
  11.91 kB   build\static\css\main.d754d92e.css
  8.86 kB    build\static\js\148.51660e48.chunk.js
  7.89 kB    build\static\js\363.a8bc99ab.chunk.js
  7.78 kB    build\static\js\545.e84702bd.chunk.js
  7.43 kB    build\static\js\141.cf1253bf.chunk.js
  7.1 kB     build\static\js\896.2be58ea2.chunk.js
  6.78 kB    build\static\js\104.b97e5e89.chunk.js
  5.76 kB    build\static\js\764.37990f69.chunk.js
  5.55 kB    build\static\js\495.03691420.chunk.js
  5.54 kB    build\static\js\293.eebc97de.chunk.js
  4.85 kB    build\static\js\195.5b589e37.chunk.js
  4.65 kB    build\static\js\917.11734821.chunk.js
  4.5 kB     build\static\js\418.70b2c386.chunk.js
  4.39 kB    build\static\js\639.0de42849.chunk.js
  4.35 kB    build\static\js\668.b1023a49.chunk.js
  4.32 kB    build\static\js\399.6017098d.chunk.js
  4.28 kB    build\static\js\264.8afcfcd4.chunk.js
  4.19 kB    build\static\js\691.91d716a5.chunk.js
  4.01 kB    build\static\js\501.760e94b6.chunk.js
  3.6 kB     build\static\js\280.e2280989.chunk.js
  3.52 kB    build\static\js\889.f8915313.chunk.js
  3.23 kB    build\static\js\568.a257f89a.chunk.js
  3.17 kB    build\static\js\134.882eced2.chunk.js
  3.13 kB    build\static\js\795.3b21b4ae.chunk.js
  3.12 kB    build\static\js\261.95e0924f.chunk.js
  3.07 kB    build\static\js\182.f2accd8c.chunk.js
  3.02 kB    build\static\js\370.90489346.chunk.js
  2.99 kB    build\static\js\726.b2e79db5.chunk.js
  2.85 kB    build\static\js\867.6e26100e.chunk.js
  2.52 kB    build\static\js\312.82f7e4f8.chunk.js
  2.48 kB    build\static\js\51.17c29410.chunk.js
  2.47 kB    build\static\js\504.1923e044.chunk.js
  1.99 kB    build\static\js\408.d734407a.chunk.js
  1.76 kB    build\static\js\453.225b3208.chunk.js
  1.63 kB    build\static\js\645.5e036ab3.chunk.js

The project was built assuming it is hosted at /.
You can control this with the homepage field in your package.json.

The build folder is ready to be deployed.
You may serve it with a static server:

  npm install -g serve
  serve -s build

Find out more about deployment here:

  https://cra.link/deployment

